../Core/Src/main.c:80:5:main	8	static
../Core/Src/main.c:134:6:SystemClock_Config	88	static
../Core/Src/main.c:181:13:MX_CRC_Init	8	static
../Core/Src/main.c:207:13:MX_USART1_UART_Init	8	static
../Core/Src/main.c:240:13:MX_USART2_UART_Init	8	static
../Core/Src/main.c:271:13:MX_DMA_Init	16	static
../Core/Src/main.c:299:13:MX_GPIO_Init	48	static
../Core/Src/main.c:338:6:receive_sensor	40	static
../Core/Src/main.c:358:9:send_data	80	dynamic
../Core/Src/main.c:413:9:receive_data	320	static
../Core/Src/main.c:520:6:Error_Handler	4	static,ignoring_inline_asm
